// Jest Snapshot v1, https://goo.gl/fbAQLP

exports[`Login 초기 렌더링 스냅샷 일치함 1`] = `
<section>
  <Form
    className="login-form"
  >
    <h1>
      OPEN CHAT
    </h1>
    <Input
      id="email"
      name="email"
      onChange={[Function]}
      placeholder="이메일"
      type="email"
      value=""
    />
    <Input
      id="password"
      name="password"
      onChange={[Function]}
      placeholder="비밀번호(최소 6자)"
      type="password"
      value=""
    />
    <p
      className="login-info"
    >
      처음 방문하셨나요? 
      <Link
        replace={false}
        to="/register"
      >
        회원가입
      </Link>
    </p>
    <div
      className="button-wrapper"
    >
      <Button
        disabled={false}
        loader={false}
        onClick={[Function]}
      >
        로그인
      </Button>
    </div>
  </Form>
</section>
`;
